VBCSCompilerPreWarmer: pre-warm launched (dotnet PID 13856)
VBCSCompiler prewarm took 5.58 ms
[Licensing::Module] Trying to connect to existing licensing client channel...
Built from '6000.6/respin/6000.6.0f1-fa21a270ab12' branch; Version is '6000.6.0f1 (f7f8ed4d1e24) revision 16251117'; Using compiler version '194234433'; Build Type 'Release'
[Licensing::IpcConnector] Successfully connected to: "LicenseClient-amitk" at "2026-09-13T03:31:57.9260644Z"
OS: 'Windows 11  (10.0.26200) CoreSingleLanguage' Language: 'en' Physical Memory: 16008 MB
BatchMode: 1, IsHumanControllingUs: 0, StartBugReporterOnCrash: 0, Is64bit: 1
System  architecture: x64
Process architecture: x64
Date: 2026-09-13T03:31:57Z
[Licensing::Client] Code 10 while verifying Licensing Client signature (process Id: 14468, path: "C:/Program Files (x86)/Unity Hub/UnityLicensingClient_V1/Unity.Licensing.Client.exe")
[Licensing::Module] LicensingClient has failed validation; ignoring
[Licensing::Client] Handshaking with LicensingClient:
  Version:                 1.18.3+d7ffd15
  Session Id:              f9a6bf60f4af406187c5173636daa6d7
  Correlation Id:          a63c54e19366b8531d76a9979a979cdf
  External correlation Id: 1008396093858961949
  Machine Id:              Dlyzyb3jXAKjUKn1M9SC7wUyY+E=
[Licensing::Module] Successfully connected to LicensingClient on channel: "LicenseClient-amitk" (connect: 0.00s, validation: 0.00s, handshake: 0.04s)
[Licensing::IpcConnector] Successfully connected to: "LicenseClient-amitk-notifications" at "2026-09-13T03:31:57.9659231Z"
[Licensing::Module] Error: Access token is unavailable; failed to update
[Licensing::Client] Successfully resolved entitlement details
[Licensing::Module] License group:
  Id: F4-3FWY-H94H-8F5A-GX4Y-XXXX
  Product: Unity Personal
  Type: ULF
  Expiration: 2026-10-20T04:31:25Z
[Licensing::Module] License group:
  Id: 13469969098397-UnityPersXXXX
  Product: Unity Personal
  Type: Assigned
  Expiration: Unlimited
[Licensing::Client] Successfully updated license, isAsync: True, time: 0.00
[Licensing::Client] Successfully resolved entitlement details
[Licensing::Module] License group:
  Id: F4-3FWY-H94H-8F5A-GX4Y-XXXX
  Product: Unity Personal
  Type: ULF
  Expiration: 2026-10-20T04:31:25Z
[Licensing::Module] License group:
  Id: 13469969098397-UnityPersXXXX
  Product: Unity Personal
  Type: Assigned
  Expiration: Unlimited
[Licensing::Module] Licensing Background thread has ended after 0.05s

COMMAND LINE ARGUMENTS:
C:\Program Files\Unity\Hub\Editor\6000.6.0f1\Editor\Unity.exe
-batchmode
-nographics
-projectPath
C:\Users\amitk\My project (1)
-executeMethod
AdventureGame.Editor.PulseAndroidExport.BuildArenaApk
-logFile
Pulse/unity-build2.log
-quit
Successfully changed project path to: C:\Users\amitk\My project (1)
C:/Users/amitk/My project (1)
[UnityMemory] Configuration Parameters - Can be set up in boot.config
    "memorysetup-temp-allocator-size-gi-baking-worker=262144"
    "memorysetup-temp-allocator-size-gi-baking-worker=262144"
    "memorysetup-temp-allocator-size-gi-baking-worker=262144"
    "memorysetup-temp-allocator-size-gi-baking-worker=262144"
    "memorysetup-temp-allocator-size-gi-baking-worker=262144"
    "memorysetup-temp-allocator-size-nav-mesh-worker=65536"
    "memorysetup-temp-allocator-size-audio-worker=65536"
    "memorysetup-temp-allocator-size-cloud-worker=32768"
    "memorysetup-temp-allocator-size-gfx=262144"
    "memorysetup-remapper-allocator-initial-capacity=32768"
    "memorysetup-temp-allocator-size-preload-manager=33554432"
    "memorysetup-allocator-temp-initial-block-size-main=262144"
    "memorysetup-allocator-temp-initial-block-size-worker=262144"
    "memorysetup-temp-allocator-size-job-worker=262144"
    "memorysetup-temp-allocator-size-background-worker=32768"
    "memorysetup-bucket-allocator-granularity=16"
    "memorysetup-bucket-allocator-bucket-count=8"
    "memorysetup-bucket-allocator-block-size=33554432"
    "memorysetup-bucket-allocator-block-count=8"
    "memorysetup-main-allocator-block-size=16777216"
    "memorysetup-thread-allocator-block-size=16777216"
    "memorysetup-main-allocator-mimalloc-enabled=1"
    "memorysetup-gfx-main-allocator-block-size=16777216"
    "memorysetup-gfx-thread-allocator-block-size=16777216"
    "memorysetup-cache-allocator-block-size=4194304"
    "memorysetup-typetree-allocator-block-size=2097152"
    "memorysetup-profiler-bucket-allocator-granularity=16"
    "memorysetup-profiler-bucket-allocator-bucket-count=8"
    "memorysetup-profiler-bucket-allocator-block-size=33554432"
    "memorysetup-profiler-bucket-allocator-block-count=8"
    "memorysetup-profiler-allocator-block-size=16777216"
    "memorysetup-profiler-editor-allocator-block-size=1048576"
    "memorysetup-temp-allocator-size-main=16777216"
    "memorysetup-job-temp-allocator-block-size=2097152"
    "memorysetup-job-temp-allocator-block-size-background=1048576"
    "memorysetup-job-temp-allocator-reduction-small-platforms=262144"
Logging is directed to a specific file, skipping project log.
Player connection [20200]  Target information:

Player connection [20200]  * "[IP] 172.32.2.112 [Port] 55504 [Flags] 2 [Guid] 747136285 [EditorId] 747136285 [Version] 1048832 [Id] WindowsEditor(7,Amit) [Debug] 1 [PackageName] WindowsEditor [ProjectName] Editor" 

Player connection [20200] Host joined multi-casting on [225.0.0.222:54997]...
Player connection [20200] Host joined alternative multi-casting on [225.0.0.222:34997]...
Input System module state changed to: Initialized.
[Physics::Module] Initialized fallback backend.
[Physics::Module] Id: 0xdecafbad
[Package Manager] Connected to IPC stream "Upm-29884" after 0.2 seconds.
[Licensing::Client] Successfully resolved entitlement details
[Licensing::Module] License group:
  Id: F4-3FWY-H94H-8F5A-GX4Y-XXXX
  Product: Unity Personal
  Type: ULF
  Expiration: 2026-10-20T04:31:25Z
[Licensing::Module] License group:
  Id: 13469969098397-UnityPersXXXX
  Product: Unity Personal
  Type: Assigned
  Expiration: Unlimited
Library Redirect Path: Library/
Launching Unity Data Store - C:/Program Files/Unity/Hub/Editor/6000.6.0f1/Editor/Data/Tools/Unity.DataStore.exe 
Unity Data Store artifact dir = Library/DataStore, working dir = C:/Users/amitk/My project (1)[Physics::Module] Selected backend.
[Physics::Module] Name: PhysX
[Physics::Module] Id: 0xf2b8ea05
[Physics::Module] SDK Version: 4.1.2
[Physics::Module] Integration Version: 1.0.0
[Physics::Module] Threading Mode: Multi-Threaded
Unity Data Store running and initialised
[Licensing::Client] Successfully resolved entitlement details
[Licensing::Module] License group:
  Id: F4-3FWY-H94H-8F5A-GX4Y-XXXX
  Product: Unity Personal
  Type: ULF
  Expiration: 2026-10-20T04:31:25Z
[Licensing::Module] License group:
  Id: 13469969098397-UnityPersXXXX
  Product: Unity Personal
  Type: Assigned
  Expiration: Unlimited
Initialize engine version: 6000.6.0f1 (f7f8ed4d1e24)
[EntityIdStore] init: VM path (explicit commit), pageSize=4096, blockCount=1048576, entitiesPerBlock=256, slots reserved=4294967296 bytes
[Subsystems] Discovering subsystems at path C:/Program Files/Unity/Hub/Editor/6000.6.0f1/Editor/Data/Resources/UnitySubsystems
[Subsystems] Discovering subsystems at path C:/Users/amitk/My project (1)/Assets
Forcing GfxDevice: Null
GfxDevice: creating device client; kGfxThreadingModeNonThreaded
NullGfxDevice:
    Version:  NULL 1.0 [1.0]
    Renderer: Null Device
    Vendor:   Unity Technologies
Shader Hidden/ChartRasterizerHardware is not supported: GPU does not support conservative rasterization
Initialize mono
Mono path[0] = 'C:/Program Files/Unity/Hub/Editor/6000.6.0f1/Editor/Data/Managed'
Mono path[1] = 'C:/Program Files/Unity/Hub/Editor/6000.6.0f1/Editor/Data/BCLExtensions/runtime/netstandard2.1'
Mono path[2] = 'C:/Program Files/Unity/Hub/Editor/6000.6.0f1/Editor/Data/MonoBleedingEdge/lib/mono/unityjit-win32'
Mono config path = 'C:/Program Files/Unity/Hub/Editor/6000.6.0f1/Editor/Data/MonoBleedingEdge/etc'
Using monoOptions --debugger-agent=transport=dt_socket,embedding=1,server=y,suspend=n,address=127.0.0.1:56884
CodeReloadManager initialized
ImportWorker Server TCP listen port: 0
AcceleratorClientConnectionCallback - disconnected - :0
Begin MonoManager ReloadAssembly
Registering precompiled unity dll's ...
Register platform support module: C:/Program Files/Unity/Hub/Editor/6000.6.0f1/Editor/Data/PlaybackEngines/WebGLSupport/UnityEditor.WebGL.Extensions.dll
Register platform support module: C:/Program Files/Unity/Hub/Editor/6000.6.0f1/Editor/Data/PlaybackEngines/WindowsStandaloneSupport/UnityEditor.WindowsStandalone.Extensions.dll
Register platform support module: C:/Program Files/Unity/Hub/Editor/6000.6.0f1/Editor/Data/PlaybackEngines/AndroidPlayer/UnityEditor.Android.Extensions.dll
Registered in 0.002123 seconds.
Native extension for Android target not found
Native extension for WindowsStandalone target not found
Native extension for WebGL target not found
Package Manager log level set to [2]
ScheduleIndexationOnStartup MainProcess:False IndexOnStartup:True
Scripting: successfully reloaded assembly
- Finished resetting the current domain, in  1.037 seconds
Domain Reload Profiling: 1609ms
	BeginReloadAssembly (139ms)
		CreateAndSetChildDomain (20ms)
	RebuildCommonClasses (5ms)
	RebuildNativeTypeToScriptingClass (15ms)
	initialDomainReloadingComplete (66ms)
	LoadAllAssembliesAndSetupDomain (342ms)
		LoadAssemblies (117ms)
		TypeCache.Refresh (230ms)
			TypeCache.ScanAssembly (214ms)
		AnalyzeDomain (1ms)
	FinalizeReload (1041ms)
		SetupLoadedEditorAssemblies (0ms)
			InitializePlatformSupportModulesInManaged (14ms)
			BeforeProcessingInitializeOnLoad (113ms)
			ProcessInitializeOnLoadAttributes (153ms)
			ProcessInitializeOnLoadMethodAttributes (466ms)
[Licensing::Client] Successfully resolved entitlement details
[Licensing::Module] License group:
  Id: F4-3FWY-H94H-8F5A-GX4Y-XXXX
  Product: Unity Personal
  Type: ULF
  Expiration: 2026-10-20T04:31:59Z
[Licensing::Module] License group:
  Id: 13469969098397-UnityPersXXXX
  Product: Unity Personal
  Type: Assigned
  Expiration: Unlimited
[Licensing::Client] Successfully resolved entitlement details
[Licensing::Module] License group:
  Id: F4-3FWY-H94H-8F5A-GX4Y-XXXX
  Product: Unity Personal
  Type: ULF
  Expiration: 2026-10-20T04:31:59Z
[Licensing::Module] License group:
  Id: 13469969098397-UnityPersXXXX
  Product: Unity Personal
  Type: Assigned
  Expiration: Unlimited
Application.AssetDatabase Initial Refresh Start
[Package Manager] Restoring resolved packages state from cache
[Licensing::Client] Successfully resolved entitlement details
[Package Manager] Registered 59 packages:
  Packages from [https://packages.unity.com]:
    com.unity.ai.navigation@2.0.14 (location: C:\Users\amitk\My project (1)\Library\PackageCache\com.unity.ai.navigation@134dd6a3b97b)
    com.unity.collab-proxy@2.13.6 (location: C:\Users\amitk\My project (1)\Library\PackageCache\com.unity.collab-proxy@4628d2ba6ea4)
    com.unity.ide.rider@3.0.38 (location: C:\Users\amitk\My project (1)\Library\PackageCache\com.unity.ide.rider@1f60b3138684)
    com.unity.ide.visualstudio@2.0.26 (location: C:\Users\amitk\My project (1)\Library\PackageCache\com.unity.ide.visualstudio@a99d56dec63f)
    com.unity.inputsystem@1.20.0 (location: C:\Users\amitk\My project (1)\Library\PackageCache\com.unity.inputsystem@7a4e1a2a8194)
    com.unity.visualscripting@1.9.12 (location: C:\Users\amitk\My project (1)\Library\PackageCache\com.unity.visualscripting@4edfcc09512f)
    com.unity.searcher@4.9.5 (location: C:\Users\amitk\My project (1)\Library\PackageCache\com.unity.searcher@a463122f2c00)
    com.unity.profiling.core@1.0.3 (location: C:\Users\amitk\My project (1)\Library\PackageCache\com.unity.profiling.core@8a49f7027d06)
    com.unity.nuget.mono-cecil@1.11.6 (location: C:\Users\amitk\My project (1)\Library\PackageCache\com.unity.nuget.mono-cecil@ecb9724e46ff)
  Built-in packages:
    com.unity.render-pipelines.universal@17.6.0 (location: C:\Users\amitk\My project (1)\Library\PackageCache\com.unity.render-pipelines.universal@8457e85b8184)
    com.unity.test-framework@1.8.0 (location: C:\Users\amitk\My project (1)\Library\PackageCache\com.unity.test-framework@7a3849e09bd0)
    com.unity.timeline@6.6.0 (location: C:\Users\amitk\My project (1)\Library\PackageCache\com.unity.timeline@281d5f7e7d7d)
    com.unity.ugui@2.6.0 (location: C:\Users\amitk\My project (1)\Library\PackageCache\com.unity.ugui@23caec89ae27)
    com.unity.modules.accessibility@1.0.0 (location: C:\Users\amitk\My project (1)\Library\PackageCache\com.unity.modules.accessibility)
    com.unity.modules.adaptiveperformance@1.0.0 (location: C:\Users\amitk\My project (1)\Library\PackageCache\com.unity.modules.adaptiveperformance)
    com.unity.modules.ai@1.0.0 (location: C:\Users\amitk\My project (1)\Library\PackageCache\com.unity.modules.ai)
    com.unity.modules.androidjni@1.0.0 (location: C:\Users\amitk\My project (1)\Library\PackageCache\com.unity.modules.androidjni)
    com.unity.modules.animation@1.0.0 (location: C:\Users\amitk\My project (1)\Library\PackageCache\com.unity.modules.animation)
    com.unity.modules.assetbundle@1.0.0 (location: C:\Users\amitk\My project (1)\Library\PackageCache\com.unity.modules.assetbundle)
    com.unity.modules.audio@1.0.0 (location: C:\Users\amitk\My project (1)\Library\PackageCache\com.unity.modules.audio)
    com.unity.modules.cloth@1.0.0 (location: C:\Users\amitk\My project (1)\Library\PackageCache\com.unity.modules.cloth)
    com.unity.modules.director@1.0.0 (location: C:\Users\amitk\My project (1)\Library\PackageCache\com.unity.modules.director)
    com.unity.modules.imageconversion@1.0.0 (location: C:\Users\amitk\My project (1)\Library\PackageCache\com.unity.modules.imageconversion)
    com.unity.modules.imgui@1.0.0 (location: C:\Users\amitk\My project (1)\Library\PackageCache\com.unity.modules.imgui)
    com.unity.modules.jsonserialize@1.0.0 (location: C:\Users\amitk\My project (1)\Library\PackageCache\com.unity.modules.jsonserialize)
    com.unity.modules.particlesystem@1.0.0 (location: C:\Users\amitk\My project (1)\Library\PackageCache\com.unity.modules.particlesystem)
    com.unity.modules.physics@1.0.0 (location: C:\Users\amitk\My project (1)\Library\PackageCache\com.unity.modules.physics)
    com.unity.modules.physics2d@1.0.0 (location: C:\Users\amitk\My project (1)\Library\PackageCache\com.unity.modules.physics2d)
    com.unity.modules.physicscore2d@1.0.0 (location: C:\Users\amitk\My project (1)\Library\PackageCache\com.unity.modules.physicscore2d)
    com.unity.modules.screencapture@1.0.0 (location: C:\Users\amitk\My project (1)\Library\PackageCache\com.unity.modules.screencapture)
    com.unity.modules.terrain@1.0.0 (location: C:\Users\amitk\My project (1)\Library\PackageCache\com.unity.modules.terrain)
    com.unity.modules.terrainphysics@1.0.0 (location: C:\Users\amitk\My project (1)\Library\PackageCache\com.unity.modules.terrainphysics)
    com.unity.modules.tetgen@1.0.0 (location: C:\Users\amitk\My project (1)\Library\PackageCache\com.unity.modules.tetgen)
    com.unity.modules.tilemap@1.0.0 (location: C:\Users\amitk\My project (1)\Library\PackageCache\com.unity.modules.tilemap)
    com.unity.modules.timelinefoundation@1.0.0 (location: C:\Users\amitk\My project (1)\Library\PackageCache\com.unity.modules.timelinefoundation)
    com.unity.modules.ui@1.0.0 (location: C:\Users\amitk\My project (1)\Library\PackageCache\com.unity.modules.ui)
    com.unity.modules.uielements@1.0.0 (location: C:\Users\amitk\My project (1)\Library\PackageCache\com.unity.modules.uielements)
    com.unity.modules.umbra@1.0.0 (location: C:\Users\amitk\My project (1)\Library\PackageCache\com.unity.modules.umbra)
    com.unity.modules.unityanalytics@1.0.0 (location: C:\Users\amitk\My project (1)\Library\PackageCache\com.unity.modules.unityanalytics)
    com.unity.modules.unitywebrequest@1.0.0 (location: C:\Users\amitk\My project (1)\Library\PackageCache\com.unity.modules.unitywebrequest)
    com.unity.modules.unitywebrequestassetbundle@1.0.0 (location: C:\Users\amitk\My project (1)\Library\PackageCache\com.unity.modules.unitywebrequestassetbundle)
    com.unity.modules.unitywebrequestaudio@1.0.0 (location: C:\Users\amitk\My project (1)\Library\PackageCache\com.unity.modules.unitywebrequestaudio)
    com.unity.modules.unitywebrequesttexture@1.0.0 (location: C:\Users\amitk\My project (1)\Library\PackageCache\com.unity.modules.unitywebrequesttexture)
    com.unity.modules.unitywebrequestwww@1.0.0 (location: C:\Users\amitk\My project (1)\Library\PackageCache\com.unity.modules.unitywebrequestwww)
    com.unity.modules.vectorgraphics@1.0.0 (location: C:\Users\amitk\My project (1)\Library\PackageCache\com.unity.modules.vectorgraphics)
    com.unity.modules.vehicles@1.0.0 (location: C:\Users\amitk\My project (1)\Library\PackageCache\com.unity.modules.vehicles)
    com.unity.modules.video@1.0.0 (location: C:\Users\amitk\My project (1)\Library\PackageCache\com.unity.modules.video)
    com.unity.modules.wind@1.0.0 (location: C:\Users\amitk\My project (1)\Library\PackageCache\com.unity.modules.wind)
    com.unity.modules.xr@1.0.0 (location: C:\Users\amitk\My project (1)\Library\PackageCache\com.unity.modules.xr)
    com.unity.modules.subsystems@1.0.0 (location: C:\Users\amitk\My project (1)\Library\PackageCache\com.unity.modules.subsystems)
    com.unity.modules.hierarchycore@1.0.0 (location: C:\Users\amitk\My project (1)\Library\PackageCache\com.unity.modules.hierarchycore)
    com.unity.ext.nunit@2.1.0 (location: C:\Users\amitk\My project (1)\Library\PackageCache\com.unity.ext.nunit@0198eae3b53e)
    com.unity.render-pipelines.core@17.6.0 (location: C:\Users\amitk\My project (1)\Library\PackageCache\com.unity.render-pipelines.core@2d66c71e606e)
    com.unity.shadergraph@17.6.0 (location: C:\Users\amitk\My project (1)\Library\PackageCache\com.unity.shadergraph@ef6135652377)
    com.unity.render-pipelines.universal-config@17.6.0 (location: C:\Users\amitk\My project (1)\Library\PackageCache\com.unity.render-pipelines.universal-config@561422b74439)
    com.unity.graph-authoring@1.0.0 (location: C:\Users\amitk\My project (1)\Library\PackageCache\com.unity.graph-authoring@cfd2588851ee)
    com.unity.burst@2.0.0 (location: C:\Users\amitk\My project (1)\Library\PackageCache\com.unity.burst@626e66ab421b)
    com.unity.collections@6.6.0 (location: C:\Users\amitk\My project (1)\Library\PackageCache\com.unity.collections@10fff0607388)
    com.unity.test-framework.performance@6.6.0 (location: C:\Users\amitk\My project (1)\Library\PackageCache\com.unity.test-framework.performance@0a60b857a52e)
[Subsystems] No new subsystems found in resolved package list.
[Package Manager] Done registering packages in 0.03 seconds
Starting: C:\Program Files\Unity\Hub\Editor\6000.6.0f1\Editor\Data\Tools\BuildPipeline\bee_backend.exe --ipc --defer-dag-verification --dagfile="Library/Bee/1300b0aE.dag" --continue-on-failure --profile="Library/Bee/backend1.traceevents" ScriptAssemblies
WorkingDir: C:/Users/amitk/My project (1)
DisplayProgressbar: Compiling Scripts
Starting: C:\Program Files\Unity\Hub\Editor\6000.6.0f1\Editor\Data\DotNetSdk\dotnet.exe "C:\Program Files\Unity\Hub\Editor\6000.6.0f1\Editor\Data\Tools\BuildPipeline\ScriptCompilationBuildProgram.exe" "Library/Bee/1300b0aE.dag.json" "Library/Bee/1300b0aE-inputdata.json" "Library\Bee\buildprogram0.traceevents"
WorkingDir: C:/Users/amitk/My project (1)
ExitCode: 4 Duration: 0s653ms
[759/973    0s] ILPP-Configuration Library/ilpp-configuration.nevergeneratedoutput
Rebuilding DAG because FileSignature timestamp changed: Library/Bee/1300b0aE-inputdata.json
*** Tundra requires additional run (0.48 seconds), 1 items updated, 973 evaluated
ExitCode: 0 Duration: 1s188ms
Starting: C:\Program Files\Unity\Hub\Editor\6000.6.0f1\Editor\Data\Tools\BuildPipeline\bee_backend.exe --ipc --defer-dag-verification --dagfile="Library/Bee/1300b0aE.dag" --continue-on-failure --dagfilejson="Library\Bee\1300b0aE.dag.json" --profile="Library/Bee/backend2.traceevents" ScriptAssemblies
WorkingDir: C:/Users/amitk/My project (1)
ExitCode: 0 Duration: 0s883ms
Finished compiling graph: 976 nodes, 18986 flattened edges (16182 ToBuild, 148 ToUse), maximum node priority 1022
[759/973    0s] ILPP-Configuration Library/ilpp-configuration.nevergeneratedoutput
*** Tundra build success (0.86 seconds), 1 items updated, 973 evaluated
AssetDatabase: script compilation time: 3.734289s
Begin MonoManager ReloadAssembly
Total cache size 209628877
Total cache size after purge 209628877, took 00:00:00.5543305
'Packages/com.unity.render-pipelines.core/Editor/Deprecated.cs' contains partial class of Unity.Object, exactly 1 of the partial classes needs to be in a file with the same filename. This is to know the one that can be referenced from ie. GameObjects
'Packages/com.unity.render-pipelines.core/Editor/Deprecated.cs' contains partial class of Unity.Object, exactly 1 of the partial classes needs to be in a file with the same filename. This is to know the one that can be referenced from ie. GameObjects
Refreshing native plugins compatible for Editor in 7.14 ms, found 4 plugins.
Native extension for Android target not found
Native extension for WindowsStandalone target not found
Native extension for WebGL target not found
ScheduleIndexationOnStartup MainProcess:True IndexOnStartup:True
Scripting: successfully reloaded assembly
- Finished resetting the current domain, in  2.948 seconds
Domain Reload Profiling: 5991ms
	BeginReloadAssembly (760ms)
		DisableScriptedObjects (94ms)
		CreateAndSetChildDomain (135ms)
	RebuildCommonClasses (27ms)
	RebuildNativeTypeToScriptingClass (59ms)
	initialDomainReloadingComplete (171ms)
	LoadAllAssembliesAndSetupDomain (2023ms)
		LoadAssemblies (1101ms)
		TypeCache.Refresh (538ms)
			TypeCache.ScanAssembly (501ms)
		AnalyzeDomain (246ms)
			BuildScriptInfoCaches (219ms)
			ResolveRequiredComponents (23ms)
	FinalizeReload (2952ms)
		SetupLoadedEditorAssemblies (0ms)
			LogAssemblyErrors (6ms)
			InitializePlatformSupportModulesInManaged (15ms)
			BeforeProcessingInitializeOnLoad (359ms)
			ProcessInitializeOnLoadAttributes (994ms)
			ProcessInitializeOnLoadMethodAttributes (322ms)
			AfterProcessingInitializeOnLoad (19ms)
			EditorAssembliesLoaded (3ms)
		AwakeInstancesAfterBackupRestoration (115ms)
Starting new worker id: 0 with log in C:/Users/amitk/My project (1)/Logs/AssetImportWorkerHW0.log
Importing 'GUID: d19f4f8a13b6edb48b986a47ec96402e - Path: Packages/com.unity.render-pipelines.core/Runtime/PathTracing/Shaders/LightmapShadowMaskIntegration.urtshader' with importer (ScriptedImporter : Unity.Rendering.LightTransport.Editor:UnityEditor.Rendering.UnifiedRayTracing:UnifiedRTShaderImporter)
Launched and connected shader compiler UnityShaderCompiler.exe after 0.02 seconds
Imported 'GUID: d19f4f8a13b6edb48b986a47ec96402e' -> (Import Result ID: 'cbf8be7007006a3d3cec3e6ef82d7278') in 0.130 seconds [static and dynamic dependencies]. Details - ImportResultOutputID=35724f5da523fdc0b72fb48c07a08e60 DependenciesID=d662e5015be6ffa6d7d7a8f01b094ebb StaticDependenciesID=9fd4e9b2e1ad89e7cbffc601eff4d03f 
Importing 'GUID: 737a1597422c12547a8714d76a9406ec - Path: Packages/com.unity.render-pipelines.core/Runtime/PathTracing/Shaders/LightmapGBufferDebug.urtshader' with importer (ScriptedImporter : Unity.Rendering.LightTransport.Editor:UnityEditor.Rendering.UnifiedRayTracing:UnifiedRTShaderImporter)
Imported 'GUID: 737a1597422c12547a8714d76a9406ec' -> (Import Result ID: 'b254e3a1e7a56f3147538c95aba6c6a9') in 0.008 seconds [static and dynamic dependencies]. Details - ImportResultOutputID=c19217defd2885cf7ac78e4bad1df09d DependenciesID=694146ee6775c47da87bf04fe328ab8b StaticDependenciesID=b513b01e29d0aa4d28825e4d4fb57fb4 
Importing 'GUID: f32463968f29423cad25aee15a14b9f1 - Path: Packages/com.unity.render-pipelines.core/Runtime/Lighting/SurfaceCache/PunctualLightSampling.urtshader' with importer (ScriptedImporter : Unity.Rendering.LightTransport.Editor:UnityEditor.Rendering.UnifiedRayTracing:UnifiedRTShaderImporter)
Imported 'GUID: f32463968f29423cad25aee15a14b9f1' -> (Import Result ID: 'cc1b175c0b2f6a4a9a1ca2241c34bfc9') in 0.016 seconds [static and dynamic dependencies]. Details - ImportResultOutputID=ac6cb040f730a46ce13794e439ed1139 DependenciesID=2bba43787cc48ef0c848f7c9e233ea1d StaticDependenciesID=b63d74c4e924df89cb98a36e44fc1845 
Importing 'GUID: 1451d029813b192429211be28181beab - Path: Packages/com.unity.render-pipelines.core/Runtime/PathTracing/Shaders/LightmapNormalIntegration.urtshader' with importer (ScriptedImporter : Unity.Rendering.LightTransport.Editor:UnityEditor.Rendering.UnifiedRayTracing:UnifiedRTShaderImporter)
Imported 'GUID: 1451d029813b192429211be28181beab' -> (Import Result ID: '8b573f2c924ee11974cb590bd69f7833') in 0.017 seconds [static and dynamic dependencies]. Details - ImportResultOutputID=5cccd9c9e23b53b1c89c38b3615808ee DependenciesID=4758410c1b423dbe250b1bc41b92c39d StaticDependenciesID=5afd8eadeec03e368f74c3a5603c453d 
Importing 'GUID: 94a070d33e408384bafc1dea4a565df9 - Path: Packages/com.unity.render-pipelines.core/Editor/Lighting/ProbeVolume/RenderingLayerMask/TraceRenderingLayerMask.urtshader' with importer (ScriptedImporter : Unity.Rendering.LightTransport.Editor:UnityEditor.Rendering.UnifiedRayTracing:UnifiedRTShaderImporter)
Imported 'GUID: 94a070d33e408384bafc1dea4a565df9' -> (Import Result ID: 'd148ec0756150cc09e95fed8f3075745') in 0.016 seconds [static and dynamic dependencies]. Details - ImportResultOutputID=2462a4a46a0f426d80fac6f1a6c06d8b DependenciesID=aaf9cd7e358363aa0bb02e057b724a37 StaticDependenciesID=25a592d065c9c4788553066128367c57 
Importing 'GUID: 94a39d12848d8d64ca962a72b74e7c50 - Path: Packages/com.unity.render-pipelines.core/Runtime/Lighting/SurfaceCache/Estimation.urtshader' with importer (ScriptedImporter : Unity.Rendering.LightTransport.Editor:UnityEditor.Rendering.UnifiedRayTracing:UnifiedRTShaderImporter)
Imported 'GUID: 94a39d12848d8d64ca962a72b74e7c50' -> (Import Result ID: 'c78c5b9b1bafbeec520b6bfdcc6a50d5') in 0.020 seconds [static and dynamic dependencies]. Details - ImportResultOutputID=efd6a3d85dfbb52b6ce1d778bf9af5b4 DependenciesID=433a4558f6a86e6905943e6c31b429c1 StaticDependenciesID=ffb0a11028fb7b99287455d15347e1d8 
Importing 'GUID: f5ba4d424d4566249b3d94cf81a3e916 - Path: Packages/com.unity.render-pipelines.core/Runtime/PathTracing/Shaders/LightmapDirectDirectionalAndEnvironmentIntegration.urtshader' with importer (ScriptedImporter : Unity.Rendering.LightTransport.Editor:UnityEditor.Rendering.UnifiedRayTracing:UnifiedRTShaderImporter)
Imported 'GUID: f5ba4d424d4566249b3d94cf81a3e916' -> (Import Result ID: '4f70bb77e7a943ad28415874f7159e0e') in 0.021 seconds [static and dynamic dependencies]. Details - ImportResultOutputID=fb5e73d1f02b635062da96df70357db0 DependenciesID=de87bbe19edad25fce29cf44e0908b71 StaticDependenciesID=d4bdfd2147f181839dcd88d16b4cc45b 
Importing 'GUID: 7624adbeb148b5c48ab5ab660cc2602a - Path: Packages/com.unity.render-pipelines.core/Runtime/PathTracing/Shaders/LightmapIndirectIntegration.urtshader' with importer (ScriptedImporter : Unity.Rendering.LightTransport.Editor:UnityEditor.Rendering.UnifiedRayTracing:UnifiedRTShaderImporter)
Imported 'GUID: 7624adbeb148b5c48ab5ab660cc2602a' -> (Import Result ID: '93bb2f42f0a52786599931042a18becc') in 0.018 seconds [static and dynamic dependencies]. Details - ImportResultOutputID=00bffcfde03e10f31e63ffc15aa50efa DependenciesID=36ab595469716eb1dc2d04caa188b453 StaticDependenciesID=637eaa30376abb268136eb146f59c034 
Importing 'GUID: 5951703b3d165764c95c653e98350884 - Path: Packages/com.unity.render-pipelines.core/Runtime/PathTracing/Shaders/LightmapDirectBRDFIntegration.urtshader' with importer (ScriptedImporter : Unity.Rendering.LightTransport.Editor:UnityEditor.Rendering.UnifiedRayTracing:UnifiedRTShaderImporter)
Imported 'GUID: 5951703b3d165764c95c653e98350884' -> (Import Result ID: '54a72b94db96c7dc173f12292fc7a424') in 0.019 seconds [static and dynamic dependencies]. Details - ImportResultOutputID=0637ddbe2d6c55503d433362daf52520 DependenciesID=6fb0f1cb7be1978dead4964307cf4f16 StaticDependenciesID=059ad849da4bff5dcc29e3cff7813344 
Importing 'GUID: 99ac6221b6ecd7b479be13e8b9866300 - Path: Packages/com.unity.render-pipelines.core/Tests/Editor/PathTracing/Shaders/TerrainRayMarchingTest.urtshader' with importer (ScriptedImporter : Unity.Rendering.LightTransport.Editor:UnityEditor.Rendering.UnifiedRayTracing:UnifiedRTShaderImporter)
Imported 'GUID: 99ac6221b6ecd7b479be13e8b9866300' -> (Import Result ID: '8db0d123e07fd9c6c98d5c56763c414c') in 0.031 seconds [static and dynamic dependencies]. Details - ImportResultOutputID=4629542d29cbe89e7bb7fa0086b90b2b DependenciesID=a2fbc9bcf7a54ac0eae4ba9796ad812a StaticDependenciesID=dc53200b7c0c8c0e6f9de4f99348b559 
Importing 'GUID: e9f4de6d1e07fb94f9a60d35b618f724 - Path: Packages/com.unity.render-pipelines.core/Runtime/PathTracing/Shaders/LightmapGBufferIntegration.urtshader' with importer (ScriptedImporter : Unity.Rendering.LightTransport.Editor:UnityEditor.Rendering.UnifiedRayTracing:UnifiedRTShaderImporter)
Imported 'GUID: e9f4de6d1e07fb94f9a60d35b618f724' -> (Import Result ID: '5e816518a3a0539b37f36fe6d094e3ff') in 0.017 seconds [static and dynamic dependencies]. Details - ImportResultOutputID=9bf82d8ba8e033920b1771c5d95cd594 DependenciesID=13ae5c44622c2aec5cfe5f486991751e StaticDependenciesID=3c625e26646b7228663e0de2b2c1d69b 
Importing 'GUID: 5a2a534753fbdb44e96c3c78b5a6999d - Path: Packages/com.unity.render-pipelines.core/Editor/Lighting/ProbeVolume/DynamicGI/DynamicGISkyOcclusion.urtshader' with importer (ScriptedImporter : Unity.Rendering.LightTransport.Editor:UnityEditor.Rendering.UnifiedRayTracing:UnifiedRTShaderImporter)
Imported 'GUID: 5a2a534753fbdb44e96c3c78b5a6999d' -> (Import Result ID: '1639bdf7333680cee203163381470292') in 0.018 seconds [static and dynamic dependencies]. Details - ImportResultOutputID=d11803207e50bcd17494deda286603a1 DependenciesID=94fb74c38c8215303983e8e831c382d6 StaticDependenciesID=72ee5fda06862b709c15f6cbb7db6f05 
Importing 'GUID: 5bbebdef5916845478fcef13fa10d89f - Path: Packages/com.unity.render-pipelines.core/Runtime/PathTracing/Shaders/LightmapDirectStochasticLightIntegration.urtshader' with importer (ScriptedImporter : Unity.Rendering.LightTransport.Editor:UnityEditor.Rendering.UnifiedRayTracing:UnifiedRTShaderImporter)
Imported 'GUID: 5bbebdef5916845478fcef13fa10d89f' -> (Import Result ID: '357d84df2bf0ae5955b2e7508514f9d4') in 0.020 seconds [static and dynamic dependencies]. Details - ImportResultOutputID=c45cac98f90b8d7695fae8d349877b30 DependenciesID=b816c88f9c03f720c9b74f9b1f8f4302 StaticDependenciesID=471ca71b6b19c4611a46691a7356c8a6 
Importing 'GUID: 1c410815c01ce1d4d82c645c0cd45747 - Path: Packages/com.unity.render-pipelines.core/Runtime/PathTracing/Shaders/LightmapAOIntegration.urtshader' with importer (ScriptedImporter : Unity.Rendering.LightTransport.Editor:UnityEditor.Rendering.UnifiedRayTracing:UnifiedRTShaderImporter)
Imported 'GUID: 1c410815c01ce1d4d82c645c0cd45747' -> (Import Result ID: '7139fa5aadae3c70974cba2735d8c91a') in 0.019 seconds [static and dynamic dependencies]. Details - ImportResultOutputID=273bcc3383121e33c9dcf95fdc504bf5 DependenciesID=937e2117af8dd951464c793ef9b67748 StaticDependenciesID=219d1b7269d01f2442d424f53e04d073 
Importing 'GUID: 2c32233d92a2d0745930664c087c5c9a - Path: Packages/com.unity.render-pipelines.core/Runtime/PathTracing/Shaders/ProbeIntegrationValidity.urtshader' with importer (ScriptedImporter : Unity.Rendering.LightTransport.Editor:UnityEditor.Rendering.UnifiedRayTracing:UnifiedRTShaderImporter)
Imported 'GUID: 2c32233d92a2d0745930664c087c5c9a' -> (Import Result ID: '974ada09e0efcb23dc613223a03f8095') in 0.019 seconds [static and dynamic dependencies]. Details - ImportResultOutputID=740f497491b87647e717a97cbc759244 DependenciesID=1fdbe87bd2413255a2e981959536510f StaticDependenciesID=89ce6b5e76d568c473e42bb2e82d857d 
Importing 'GUID: ace95ac84e213794891b4bd7c9b3c158 - Path: Packages/com.unity.render-pipelines.core/Runtime/PathTracing/Shaders/LightmapValidityIntegration.urtshader' with importer (ScriptedImporter : Unity.Rendering.LightTransport.Editor:UnityEditor.Rendering.UnifiedRayTracing:UnifiedRTShaderImporter)
Imported 'GUID: ace95ac84e213794891b4bd7c9b3c158' -> (Import Result ID: 'a47f7bd2e7981c6fab612161d3b85de9') in 0.023 seconds [static and dynamic dependencies]. Details - ImportResultOutputID=3ae1206fc069613217dbd0eb5ba7fc8f DependenciesID=6a894c0a78a9197941bbea6c9ddd5cc8 StaticDependenciesID=af3a8789fbe725883be9c99ebb7cf5e2 
Importing 'GUID: 5ecdabd800f05984696f22ba95284516 - Path: Packages/com.unity.render-pipelines.core/Runtime/PathTracing/Shaders/ProbeIntegrationIndirect.urtshader' with importer (ScriptedImporter : Unity.Rendering.LightTransport.Editor:UnityEditor.Rendering.UnifiedRayTracing:UnifiedRTShaderImporter)
Imported 'GUID: 5ecdabd800f05984696f22ba95284516' -> (Import Result ID: '76c5c1f65c03ebccabb4ae2a0a9e9056') in 0.021 seconds [static and dynamic dependencies]. Details - ImportResultOutputID=0cd071ba21750310309687e2e6faf711 DependenciesID=afa4b4aa26e174c35d6c047abc4620df StaticDependenciesID=1ad901001e2e557153e1de5753d25220 
Importing 'GUID: 6e0b547bab30a804c8123974120d583f - Path: Packages/com.unity.render-pipelines.core/Tests/Runtime/PathTracing/PathIteratorTest.urtshader' with importer (ScriptedImporter : Unity.Rendering.LightTransport.Editor:UnityEditor.Rendering.UnifiedRayTracing:UnifiedRTShaderImporter)
Imported 'GUID: 6e0b547bab30a804c8123974120d583f' -> (Import Result ID: '42152169f9cdc4a1514d4d774859855a') in 0.022 seconds [static and dynamic dependencies]. Details - ImportResultOutputID=086a95f7c3606a02577127e2b9602118 DependenciesID=2bb30cba0ee49dde42d16545327c698b StaticDependenciesID=e24ea404bb4dabe55ffbcaa7b840b299 
Importing 'GUID: de3013e16d99f2746ab1735ec06a660b - Path: Packages/com.unity.render-pipelines.core/Runtime/PathTracing/Shaders/ProbeIntegrationOcclusion.urtshader' with importer (ScriptedImporter : Unity.Rendering.LightTransport.Editor:UnityEditor.Rendering.UnifiedRayTracing:UnifiedRTShaderImporter)
Imported 'GUID: de3013e16d99f2746ab1735ec06a660b' -> (Import Result ID: '0e7ff0f1c8b743e1e2d2438aa28fa09b') in 0.019 seconds [static and dynamic dependencies]. Details - ImportResultOutputID=5431259a379bcf64dcdf9e541067393a DependenciesID=aed262953c5775e55d5320e4ad562296 StaticDependenciesID=d23a0c4a2896e547ad436f2fd232bb27 
Importing 'GUID: fe7f1a959d1d3f544a208b7e8805e6cd - Path: Packages/com.unity.render-pipelines.core/Runtime/PathTracing/Shaders/ProbeIntegrationDirectDirectionalAndEnvironment.urtshader' with importer (ScriptedImporter : Unity.Rendering.LightTransport.Editor:UnityEditor.Rendering.UnifiedRayTracing:UnifiedRTShaderImporter)
Imported 'GUID: fe7f1a959d1d3f544a208b7e8805e6cd' -> (Import Result ID: '98fc21930c7e188785bf10855f664c6a') in 0.022 seconds [static and dynamic dependencies]. Details - ImportResultOutputID=5f2959446ead2aacf8b970382e7ece89 DependenciesID=a8fb717f0453ca3db2beaad9bfa76f48 StaticDependenciesID=b8525778ccd6bf87644fae631483c773 
Importing 'GUID: 1f9bfe60b4ad75943a5281839c1a4e5c - Path: Packages/com.unity.render-pipelines.core/Runtime/PathTracing/Shaders/ProbeIntegrationDirectStochasticLight.urtshader' with importer (ScriptedImporter : Unity.Rendering.LightTransport.Editor:UnityEditor.Rendering.UnifiedRayTracing:UnifiedRTShaderImporter)
Imported 'GUID: 1f9bfe60b4ad75943a5281839c1a4e5c' -> (Import Result ID: '8651fe6333c0208fb1916808c63204f8') in 0.019 seconds [static and dynamic dependencies]. Details - ImportResultOutputID=8a2316c163eb8dd7ca3865c892ee0d57 DependenciesID=d8946cc38af73467dc4b7be7840a7675 StaticDependenciesID=bb23e9aed0fe8778db1283cad6c57003 
Importing 'GUID: ff2cbab5da58bf04d82c5f34037ed123 - Path: Packages/com.unity.render-pipelines.core/Editor/Lighting/ProbeVolume/VirtualOffset/TraceVirtualOffset.urtshader' with importer (ScriptedImporter : Unity.Rendering.LightTransport.Editor:UnityEditor.Rendering.UnifiedRayTracing:UnifiedRTShaderImporter)
Imported 'GUID: ff2cbab5da58bf04d82c5f34037ed123' -> (Import Result ID: 'f5f465a9e734854c3f19c637b518f424') in 0.019 seconds [static and dynamic dependencies]. Details - ImportResultOutputID=1aa97657b664660cbf205eb7f31fa55d DependenciesID=1ca4824a0e64ab43a7ceb3914f1cf1fd StaticDependenciesID=577fb2ca56f9c9cef1dba593cc7f61b6 
Refreshing native plugins compatible for Editor in 5.21 ms, found 4 plugins.

Asset Pipeline Refresh (id=372c5d2aff8a7144bbd73511aa28a046): Total: 12.971 seconds - Initiated by InitialRefreshV2(ForceSynchronousImport)
	(Values over 0.05ms)
	Summary:
		Imports: total=22 (actual=22, local cache=0, cache server=0)
		Asset DB Process Time: managed=8 ms, native=4729 ms
		Asset DB Callback time: managed=614 ms, native=535 ms
		Scripting: domain reloads=1, domain reload time=3205 ms, compile time=3741 ms, other=136 ms
		Project Asset Count: scripts=1407, non-scripts=2646
		Asset File Changes: new=0, changed=0, moved=0, deleted=0
		Scan Filter Count: 0
	InvokePackagesCallback: 46.686ms
	ApplyChangesToAssetFolders: 1.255ms
	Scan: 222.551ms
	Collect global state as custom dependencies: 53.485ms
	CategorizeScriptCompilationAssets: 135.115ms
	ProcessAssetsWithTransientArtifactChanges: 233.466ms
	CategorizeAssets: 144.088ms
	CompileScripts: 3740.707ms
	ImportOutOfDateAssets: 3560.198ms (2975.210ms without children)
		ImportManagerImport: 565.503ms (4.634ms without children)
			UpdateCategorizedAssets: 5.487ms
		ReloadNativeAssets: 0.089ms
		UnloadImportedAssets: 1.471ms
		ReloadImportedAssets: 1.818ms
		EnsureUptoDateAssetsAreRegisteredWithGuidPM: 1.301ms
		ImportSchedulerStart: 16.622ms
	PostProcessAllAssets: 1100.734ms
		RaytracingShaderImportPostprocess 239.557ms
		ComputeShaderImportPostprocess 238.011ms
		VCAutoAddAssetPostprocess 3.220ms
		XRBuildSystem.XRAssetImported 1.341ms
		PostProcessCallbackCreateDeferredMaterials 0.122ms
		ShaderAssetModifiedCallback 0.118ms
		LocalizationDatabase.AssetDatabasePostprocessCallback 0.097ms
		SpeedTreeImporter.PostprocessAllAssets 0.090ms
		AssemblyValidation.PostprocessAllAssets 0.061ms
		MonoPostProcessAllAssets: 614.673ms
			AssetPostprocessor.OnPostprocessAllAssets 360.777ms
			UniversalRenderPipelineGlobalSettingsPostprocessor.OnPostprocessAllAssets 59.523ms
			StyleCatalogPostProcessor.OnPostprocessAllAssets 55.094ms
			SyncVS.PostprocessSyncProject 35.846ms
			BuilderAssetPostprocessor.OnPostprocessAllAssets 15.971ms
			ShaderGraphAssetPostProcessor.OnPostprocessAllAssets 7.148ms
			AssetChangedListener.OnPostprocessAllAssets 6.167ms
			WindowAssetPostprocessingWatcher.OnPostprocessAllAssets 5.596ms
			SpeedTree9Postprocessor.OnPostprocessAllAssets 5.470ms
			RetainedModeAssetPostprocessor.OnPostprocessAllAssets 4.536ms
			RenderPipelineGlobalSettingsPostprocessor.OnPostprocessAllAssets 3.104ms
			EditModeScopePostprocessor.OnPostprocessAllAssets 2.652ms
			MaterialPostprocessor.OnPostprocessAllAssets 2.606ms
			ArtifactBrowserPostProcessor.OnPostprocessAllAssets 1.863ms
			ShaderReflectionAssetPostProcessor.OnPostprocessAllAssets 1.667ms
			ReferencedClipsPostProcessor.OnPostprocessAllAssets 1.294ms
			PostProcessor.OnPostprocessAllAssets 1.243ms
			TextAssetPostProcessor.OnPostprocessAllAssets 1.191ms
			InputActionJsonNameModifierAssetProcessor.OnPostprocessAllAssets 1.178ms
			AssetEvents.OnPostprocessAllAssets 1.008ms
			UVCSAssetPostprocessor.OnPostprocessAllAssets 0.993ms
			AudioMixerPostprocessor.OnPostprocessAllAssets 0.921ms
			InputActionAssetPostprocessor.OnPostprocessAllAssets 0.804ms
			TMPro_TexturePostProcessor.OnPostprocessAllAssets 0.778ms
			ConfigAssetsTracker.OnPostprocessAllAssets 0.736ms
			TerrainToolbarOverlayPostProcessor.OnPostprocessAllAssets 0.532ms
			AssetDatabaseCallbacks.OnPostprocessAllAssets 0.523ms
			ProjectSettingsPostprocessor.OnPostprocessAllAssets 0.508ms
			SamplePostprocessor.OnPostprocessAllAssets 0.467ms
			SpeedTreePostProcessor.OnPostprocessAllAssets 0.459ms
			ScenarioDriftAssetsTracker.OnPostprocessAllAssets 0.397ms
			AssetReloadNotifier.OnPostprocessAllAssets 0.377ms
			ThemePostprocessor.OnPostprocessAllAssets 0.376ms
			AudioContainerPostProcessor.OnPostprocessAllAssets 0.189ms
	PostAssetChangesProfiler: 8.350ms
	UnloadStreamsBegin: 3.043ms
	PersistCurrentRevisions: 0.716ms
	GenerateScriptTypeHashes: 4.016ms
	GenerateScriptTypeSerializationHashes: 7.055ms
	Untracked: 3667.580ms

Application.AssetDatabase Initial Refresh End
Shader Hidden/ChartRasterizerHardware is not supported: GPU does not support conservative rasterization
Scanning for USB devices : 3.363ms
Initializing Unity extensions:
Worker ready: AssetImportWorkerHW0 0
[MODES] ModeService[none].Initialize
[MODES] ModeService[none].LoadModes
[MODES] Loading mode Default (0) for mode-current-id-Pulse Arena
Unloading 46 Unused Serialized files (Serialized files now loaded: 0)
Unloading 6648 unused Assets / (4.1 MB). Loaded Objects now: 7618.
Memory consumption went from 414.5 MB to 410.4 MB.
Total: 27.285900 ms (FindLiveObjects: 1.788200 ms CreateObjectMapping: 0.622200 ms MarkObjects: 19.791900 ms  DeleteObjects: 4.333600 ms)

Importing 'GUID: 5e6cbd92db86f4b18aec3ed561671858 - Path: Assets/Settings/Mobile_RPAsset.asset' with importer (NativeFormatImporter)
Imported 'GUID: 5e6cbd92db86f4b18aec3ed561671858' -> (Import Result ID: '0edb2f9fa9823e4d255073fae3f04350') in 0.005 seconds [static dependencies only]. Details - ImportResultOutputID=87c79727be4dab5ed51d3da607f590f1 DependenciesID=62d4015967ca304f9a83ced53161628f StaticDependenciesID=42b446f8ab9ad4bb75822ea2f87520c3 
Refreshing native plugins compatible for Editor in 5.03 ms, found 4 plugins.
Asset Pipeline Refresh (id=fc1db99ebcc422949b1c5b3dfa0db30d): Total: 0.189 seconds - Initiated by StopAssetImportingV2(NoUpdateAssetOptions)
1 URP assets included in build
- Mobile_RPAsset - Assets/Settings/Mobile_RPAsset.asset
	 - Mobile_Renderer - Assets/Settings/Mobile_Renderer.asset - UnityEngine.Rendering.Universal.UniversalRendererData
UnityEngine.Debug:ExtractStackTraceNoAlloc (byte*,int,string)
UnityEngine.StackTraceUtility:ExtractStackTrace ()
UnityEngine.DebugLogHandler:Internal_Log (UnityEngine.LogType,UnityEngine.LogOption,string,UnityEngine.Object)
UnityEngine.DebugLogHandler:LogFormat (UnityEngine.LogType,UnityEngine.Object,string,object[])
UnityEngine.Logger:Log (UnityEngine.LogType,object)
UnityEngine.Debug:Log (object)
UnityEditor.Rendering.Universal.URPPreprocessBuild:LogIncludedAssets (System.Collections.Generic.List`1<UnityEngine.Rendering.Universal.UniversalRenderPipelineAsset>) (at ./Library/PackageCache/com.unity.render-pipelines.universal@8457e85b8184/Editor/BuildProcessors/URPPreprocessBuild.cs:72)
UnityEditor.Rendering.Universal.URPPreprocessBuild:OnPreprocessBuild (UnityEditor.Build.Reporting.BuildReport) (at ./Library/PackageCache/com.unity.render-pipelines.universal@8457e85b8184/Editor/BuildProcessors/URPPreprocessBuild.cs:31)
UnityEditor.Build.BuildPipelineInterfaces/<>c__DisplayClass17_0:<OnBuildPreProcess>b__1 (UnityEditor.Build.IPreprocessBuildWithReport)
UnityEditor.Build.BuildPipelineInterfaces:InvokeCallbackInterfacesPair<UnityEditor.Build.IPreprocessBuild, UnityEditor.Build.IPreprocessBuildWithReport> (System.Collections.Generic.List`1<UnityEditor.Build.IPreprocessBuild>,System.Action`1<UnityEditor.Build.IPreprocessBuild>,System.Collections.Generic.List`1<UnityEditor.Build.IPreprocessBuildWithReport>,System.Action`1<UnityEditor.Build.IPreprocessBuildWithReport>,bool)
UnityEditor.Build.BuildPipelineInterfaces:OnBuildPreProcess (UnityEditor.Build.Reporting.BuildReport)
UnityEditor.BuildPipeline:BuildPlayerInternal (string[],string,string,UnityEditor.BuildTargetGroup,UnityEditor.BuildTarget,int,UnityEditor.BuildOptions,string[],string[],bool)
UnityEditor.BuildPipeline:BuildPlayer (UnityEditor.BuildPlayerOptions)
AdventureGame.Editor.PulseAndroidExport:BuildArenaApkAt (string) (at Assets/_AdventureGame/Editor/PulseAndroidExport.cs:81)
AdventureGame.Editor.PulseAndroidExport:BuildArenaApk () (at Assets/_AdventureGame/Editor/PulseAndroidExport.cs:54)

(Filename: ./Library/PackageCache/com.unity.render-pipelines.universal@8457e85b8184/Editor/BuildProcessors/URPPreprocessBuild.cs Line: 72)

[TestRunBuilder] Content changed for 'Assets/Resources/PerformanceTestRunInfo.json' - rewriting file
Old length: 3012 bytes
New length: 3008 bytes
UnityEngine.Debug:ExtractStackTraceNoAlloc (byte*,int,string)
UnityEngine.StackTraceUtility:ExtractStackTrace ()
UnityEngine.DebugLogHandler:Internal_Log (UnityEngine.LogType,UnityEngine.LogOption,string,UnityEngine.Object)
UnityEngine.DebugLogHandler:LogFormat (UnityEngine.LogType,UnityEngine.Object,string,object[])
UnityEngine.Logger:Log (UnityEngine.LogType,object)
UnityEngine.Debug:LogWarning (object)
Unity.PerformanceTesting.Editor.TestRunBuilder:SaveToStorage (object,string) (at ./Library/PackageCache/com.unity.test-framework.performance@0a60b857a52e/Editor/TestRunBuilder.cs:233)
Unity.PerformanceTesting.Editor.TestRunBuilder:OnPreprocessBuild (UnityEditor.Build.Reporting.BuildReport) (at ./Library/PackageCache/com.unity.test-framework.performance@0a60b857a52e/Editor/TestRunBuilder.cs:35)
UnityEditor.Build.BuildPipelineInterfaces/<>c__DisplayClass17_0:<OnBuildPreProcess>b__1 (UnityEditor.Build.IPreprocessBuildWithReport)
UnityEditor.Build.BuildPipelineInterfaces:InvokeCallbackInterfacesPair<UnityEditor.Build.IPreprocessBuild, UnityEditor.Build.IPreprocessBuildWithReport> (System.Collections.Generic.List`1<UnityEditor.Build.IPreprocessBuild>,System.Action`1<UnityEditor.Build.IPreprocessBuild>,System.Collections.Generic.List`1<UnityEditor.Build.IPreprocessBuildWithReport>,System.Action`1<UnityEditor.Build.IPreprocessBuildWithReport>,bool)
UnityEditor.Build.BuildPipelineInterfaces:OnBuildPreProcess (UnityEditor.Build.Reporting.BuildReport)
UnityEditor.BuildPipeline:BuildPlayerInternal (string[],string,string,UnityEditor.BuildTargetGroup,UnityEditor.BuildTarget,int,UnityEditor.BuildOptions,string[],string[],bool)
UnityEditor.BuildPipeline:BuildPlayer (UnityEditor.BuildPlayerOptions)
AdventureGame.Editor.PulseAndroidExport:BuildArenaApkAt (string) (at Assets/_AdventureGame/Editor/PulseAndroidExport.cs:81)
AdventureGame.Editor.PulseAndroidExport:BuildArenaApk () (at Assets/_AdventureGame/Editor/PulseAndroidExport.cs:54)

(Filename: ./Library/PackageCache/com.unity.test-framework.performance@0a60b857a52e/Editor/TestRunBuilder.cs Line: 233)

[TestRunBuilder] Old content:
{"TestSuite":"","Date":0,"Player":{"Development":false,"ScreenWidth":0,"ScreenHeight":0,"ScreenRefreshRate":0,"Fullscreen":false,"Vsync":0,"AntiAliasing":0,"Batchmode":false,"RenderThreadingMode":"Split","MtRendering":false,"GraphicsJobs":false,"UnityGraphicsKernel":false,"GpuSkinning":true,"Platform":"","ColorSpace":"","AnisotropicFiltering":"","BlendWeights":"","GraphicsApi":"","ScriptingBackend":"Mono2x","AndroidTargetSdkVersion":"AndroidApiLevel35","AndroidBuildSystem":"Gradle","BuildTarget":"StandaloneWindows64","StereoRenderingPath":"MultiPass"},"Hardware":{"OperatingSystem":"","DeviceModel":"","DeviceName":"","ProcessorType":"","ProcessorCount":0,"GraphicsDeviceName":"","SystemMemorySizeMB":0},"Editor":{"Version":"6000.6.0f1","Branch":"6000.6/respin/6000.6.0f1-fa21a270ab12","Changeset":"f7f8ed4d1e24","Date":1787963162},"Dependencies":["com.unity.ai.navigation@2.0.14","com.unity.burst@2.0.0","com.unity.collab-proxy@2.13.6","com.unity.collections@6.6.0","com.unity.ext.nunit@2.1.0","com.unity.graph-authoring@1.0.0","com.unity.ide.rider@3.0.38","com.unity.ide.visualstudio@2.0.26","com.unity.inputsystem@1.20.0","com.unity.modules.accessibility@1.0.0","com.unity.modules.adaptiveperformance@1.0.0","com.unity.modules.ai@1.0.0","com.unity.modules.androidjni@1.0.0","com.unity.modules.animation@1.0.0","com.unity.modules.assetbundle@1.0.0","com.unity.modules.audio@1.0.0","com.unity.modules.cloth@1.0.0","com.unity.modules.director@1.0.0","com.unity.modules.hierarchycore@1.0.0","com.unity.modules.imageconversion@1.0.0","com.unity.modules.imgui@1.0.0","com.unity.modules.jsonserialize@1.0.0","com.unity.modules.particlesystem@1.0.0","com.unity.modules.physics@1.0.0","com.unity.modules.physics2d@1.0.0","com.unity.modules.physicscore2d@1.0.0","com.unity.modules.screencapture@1.0.0","com.unity.modules.subsystems@1.0.0","com.unity.modules.terrain@1.0.0","com.unity.modules.terrainphysics@1.0.0","com.unity.modules.tetgen@1.0.0","com.unity.modules.tilemap@1.0.0","com.unity.modules.timelinefoundation@1.0.0","com.unity.modules.ui@1.0.0","com.unity.modules.uielements@1.0.0","com.unity.modules.umbra@1.0.0","com.unity.modules.unityanalytics@1.0.0","com.unity.modules.unitywebrequest@1.0.0","com.unity.modules.unitywebrequestassetbundle@1.0.0","com.unity.modules.unitywebrequestaudio@1.0.0","com.unity.modules.unitywebrequesttexture@1.0.0","com.unity.modules.unitywebrequestwww@1.0.0","com.unity.modules.vectorgraphics@1.0.0","com.unity.modules.vehicles@1.0.0","com.unity.modules.video@1.0.0","com.unity.modules.wind@1.0.0","com.unity.modules.xr@1.0.0","com.unity.nuget.mono-cecil@1.11.6","com.unity.profiling.core@1.0.3","com.unity.render-pipelines.core@17.6.0","com.unity.render-pipelines.universal@17.6.0","com.unity.render-pipelines.universal-config@17.6.0","com.unity.searcher@4.9.5","com.unity.shadergraph@17.6.0","com.unity.test-framework.performance@6.6.0","com.unity.test-framework@1.8.0","com.unity.timeline@6.6.0","com.unity.ugui@2.6.0","com.unity.visualscripting@1.9.12"],"Results":[]}
UnityEngine.Debug:ExtractStackTraceNoAlloc (byte*,int,string)
UnityEngine.StackTraceUtility:ExtractStackTrace ()
UnityEngine.DebugLogHandler:Internal_Log (UnityEngine.LogType,UnityEngine.LogOption,string,UnityEngine.Object)
UnityEngine.DebugLogHandler:LogFormat (UnityEngine.LogType,UnityEngine.Object,string,object[])
UnityEngine.Logger:Log (UnityEngine.LogType,object)
UnityEngine.Debug:Log (object)
Unity.PerformanceTesting.Editor.TestRunBuilder:LogContentDifferences (string,string) (at ./Library/PackageCache/com.unity.test-framework.performance@0a60b857a52e/Editor/TestRunBuilder.cs:251)
Unity.PerformanceTesting.Editor.TestRunBuilder:SaveToStorage (object,string) (at ./Library/PackageCache/com.unity.test-framework.performance@0a60b857a52e/Editor/TestRunBuilder.cs:237)
Unity.PerformanceTesting.Editor.TestRunBuilder:OnPreprocessBuild (UnityEditor.Build.Reporting.BuildReport) (at ./Library/PackageCache/com.unity.test-framework.performance@0a60b857a52e/Editor/TestRunBuilder.cs:35)
UnityEditor.Build.BuildPipelineInterfaces/<>c__DisplayClass17_0:<OnBuildPreProcess>b__1 (UnityEditor.Build.IPreprocessBuildWithReport)
UnityEditor.Build.BuildPipelineInterfaces:InvokeCallbackInterfacesPair<UnityEditor.Build.IPreprocessBuild, UnityEditor.Build.IPreprocessBuildWithReport> (System.Collections.Generic.List`1<UnityEditor.Build.IPreprocessBuild>,System.Action`1<UnityEditor.Build.IPreprocessBuild>,System.Collections.Generic.List`1<UnityEditor.Build.IPreprocessBuildWithReport>,System.Action`1<UnityEditor.Build.IPreprocessBuildWithReport>,bool)
UnityEditor.Build.BuildPipelineInterfaces:OnBuildPreProcess (UnityEditor.Build.Reporting.BuildReport)
UnityEditor.BuildPipeline:BuildPlayerInternal (string[],string,string,UnityEditor.BuildTargetGroup,UnityEditor.BuildTarget,int,UnityEditor.BuildOptions,string[],string[],bool)
UnityEditor.BuildPipeline:BuildPlayer (UnityEditor.BuildPlayerOptions)
AdventureGame.Editor.PulseAndroidExport:BuildArenaApkAt (string) (at Assets/_AdventureGame/Editor/PulseAndroidExport.cs:81)
AdventureGame.Editor.PulseAndroidExport:BuildArenaApk () (at Assets/_AdventureGame/Editor/PulseAndroidExport.cs:54)

(Filename: ./Library/PackageCache/com.unity.test-framework.performance@0a60b857a52e/Editor/TestRunBuilder.cs Line: 251)

[TestRunBuilder] New content:
{"TestSuite":"","Date":0,"Player":{"Development":false,"ScreenWidth":0,"ScreenHeight":0,"ScreenRefreshRate":0,"Fullscreen":false,"Vsync":0,"AntiAliasing":0,"Batchmode":false,"RenderThreadingMode":"MultiThreaded","MtRendering":false,"GraphicsJobs":false,"UnityGraphicsKernel":false,"GpuSkinning":true,"Platform":"","ColorSpace":"","AnisotropicFiltering":"","BlendWeights":"","GraphicsApi":"","ScriptingBackend":"IL2CPP","AndroidTargetSdkVersion":"AndroidApiLevel35","AndroidBuildSystem":"Gradle","BuildTarget":"Android","StereoRenderingPath":"MultiPass"},"Hardware":{"OperatingSystem":"","DeviceModel":"","DeviceName":"","ProcessorType":"","ProcessorCount":0,"GraphicsDeviceName":"","SystemMemorySizeMB":0},"Editor":{"Version":"6000.6.0f1","Branch":"6000.6/respin/6000.6.0f1-fa21a270ab12","Changeset":"f7f8ed4d1e24","Date":1787963162},"Dependencies":["com.unity.ai.navigation@2.0.14","com.unity.burst@2.0.0","com.unity.collab-proxy@2.13.6","com.unity.collections@6.6.0","com.unity.ext.nunit@2.1.0","com.unity.graph-authoring@1.0.0","com.unity.ide.rider@3.0.38","com.unity.ide.visualstudio@2.0.26","com.unity.inputsystem@1.20.0","com.unity.modules.accessibility@1.0.0","com.unity.modules.adaptiveperformance@1.0.0","com.unity.modules.ai@1.0.0","com.unity.modules.androidjni@1.0.0","com.unity.modules.animation@1.0.0","com.unity.modules.assetbundle@1.0.0","com.unity.modules.audio@1.0.0","com.unity.modules.cloth@1.0.0","com.unity.modules.director@1.0.0","com.unity.modules.hierarchycore@1.0.0","com.unity.modules.imageconversion@1.0.0","com.unity.modules.imgui@1.0.0","com.unity.modules.jsonserialize@1.0.0","com.unity.modules.particlesystem@1.0.0","com.unity.modules.physics@1.0.0","com.unity.modules.physics2d@1.0.0","com.unity.modules.physicscore2d@1.0.0","com.unity.modules.screencapture@1.0.0","com.unity.modules.subsystems@1.0.0","com.unity.modules.terrain@1.0.0","com.unity.modules.terrainphysics@1.0.0","com.unity.modules.tetgen@1.0.0","com.unity.modules.tilemap@1.0.0","com.unity.modules.timelinefoundation@1.0.0","com.unity.modules.ui@1.0.0","com.unity.modules.uielements@1.0.0","com.unity.modules.umbra@1.0.0","com.unity.modules.unityanalytics@1.0.0","com.unity.modules.unitywebrequest@1.0.0","com.unity.modules.unitywebrequestassetbundle@1.0.0","com.unity.modules.unitywebrequestaudio@1.0.0","com.unity.modules.unitywebrequesttexture@1.0.0","com.unity.modules.unitywebrequestwww@1.0.0","com.unity.modules.vectorgraphics@1.0.0","com.unity.modules.vehicles@1.0.0","com.unity.modules.video@1.0.0","com.unity.modules.wind@1.0.0","com.unity.modules.xr@1.0.0","com.unity.nuget.mono-cecil@1.11.6","com.unity.profiling.core@1.0.3","com.unity.render-pipelines.core@17.6.0","com.unity.render-pipelines.universal@17.6.0","com.unity.render-pipelines.universal-config@17.6.0","com.unity.searcher@4.9.5","com.unity.shadergraph@17.6.0","com.unity.test-framework.performance@6.6.0","com.unity.test-framework@1.8.0","com.unity.timeline@6.6.0","com.unity.ugui@2.6.0","com.unity.visualscripting@1.9.12"],"Results":[]}
UnityEngine.Debug:ExtractStackTraceNoAlloc (byte*,int,string)
UnityEngine.StackTraceUtility:ExtractStackTrace ()
UnityEngine.DebugLogHandler:Internal_Log (UnityEngine.LogType,UnityEngine.LogOption,string,UnityEngine.Object)
UnityEngine.DebugLogHandler:LogFormat (UnityEngine.LogType,UnityEngine.Object,string,object[])
UnityEngine.Logger:Log (UnityEngine.LogType,object)
UnityEngine.Debug:Log (object)
Unity.PerformanceTesting.Editor.TestRunBuilder:LogContentDifferences (string,string) (at ./Library/PackageCache/com.unity.test-framework.performance@0a60b857a52e/Editor/TestRunBuilder.cs:252)
Unity.PerformanceTesting.Editor.TestRunBuilder:SaveToStorage (object,string) (at ./Library/PackageCache/com.unity.test-framework.performance@0a60b857a52e/Editor/TestRunBuilder.cs:237)
Unity.PerformanceTesting.Editor.TestRunBuilder:OnPreprocessBuild (UnityEditor.Build.Reporting.BuildReport) (at ./Library/PackageCache/com.unity.test-framework.performance@0a60b857a52e/Editor/TestRunBuilder.cs:35)
UnityEditor.Build.BuildPipelineInterfaces/<>c__DisplayClass17_0:<OnBuildPreProcess>b__1 (UnityEditor.Build.IPreprocessBuildWithReport)
UnityEditor.Build.BuildPipelineInterfaces:InvokeCallbackInterfacesPair<UnityEditor.Build.IPreprocessBuild, UnityEditor.Build.IPreprocessBuildWithReport> (System.Collections.Generic.List`1<UnityEditor.Build.IPreprocessBuild>,System.Action`1<UnityEditor.Build.IPreprocessBuild>,System.Collections.Generic.List`1<UnityEditor.Build.IPreprocessBuildWithReport>,System.Action`1<UnityEditor.Build.IPreprocessBuildWithReport>,bool)
UnityEditor.Build.BuildPipelineInterfaces:OnBuildPreProcess (UnityEditor.Build.Reporting.BuildReport)
UnityEditor.BuildPipeline:BuildPlayerInternal (string[],string,string,UnityEditor.BuildTargetGroup,UnityEditor.BuildTarget,int,UnityEditor.BuildOptions,string[],string[],bool)
UnityEditor.BuildPipeline:BuildPlayer (UnityEditor.BuildPlayerOptions)
AdventureGame.Editor.PulseAndroidExport:BuildArenaApkAt (string) (at Assets/_AdventureGame/Editor/PulseAndroidExport.cs:81)
AdventureGame.Editor.PulseAndroidExport:BuildArenaApk () (at Assets/_AdventureGame/Editor/PulseAndroidExport.cs:54)

(Filename: ./Library/PackageCache/com.unity.test-framework.performance@0a60b857a52e/Editor/TestRunBuilder.cs Line: 252)

Importing 'GUID: 5e6cbd92db86f4b18aec3ed561671858 - Path: Assets/Settings/Mobile_RPAsset.asset' with importer (NativeFormatImporter)
Imported 'GUID: 5e6cbd92db86f4b18aec3ed561671858' -> (Import Result ID: '0edb2f9fa9823e4d255073fae3f04350') in 0.002 seconds [static dependencies only]. Details - ImportResultOutputID=87c79727be4dab5ed51d3da607f590f1 DependenciesID=62d4015967ca304f9a83ced53161628f StaticDependenciesID=42b446f8ab9ad4bb75822ea2f87520c3 
Refreshing native plugins compatible for Editor in 2.60 ms, found 4 plugins.
Asset Pipeline Refresh (id=a973115e3ce7fac408e4843952fce841): Total: 0.042 seconds - Initiated by StopAssetImportingV2(NoUpdateAssetOptions)
Importing 'GUID: 00000000000000004000000000000000 - Path: ProjectSettings/ProjectSettings.asset' with importer (LibraryAssetImporter)
Imported 'GUID: 00000000000000004000000000000000' -> (Import Result ID: '9a7aa15089e56b21a2bc499533ca361b') in 0.003 seconds [static dependencies only]. Details - ImportResultOutputID=054c890a8f4b6dddbea933bc5e4b7df4 DependenciesID=65ffc8c4c622a02ea080504d300a8ecb StaticDependenciesID=e92ed70ee399029d93ae6e2ca9478baf 
Importing 'GUID: 00000000000000006100000000000000 - Path: ProjectSettings/GraphicsSettings.asset' with importer (LibraryAssetImporter)
Imported 'GUID: 00000000000000006100000000000000' -> (Import Result ID: 'd53148c0f9c9de24c4eb7c618928336c') in 0.002 seconds [static dependencies only]. Details - ImportResultOutputID=a2dcdb8bc9503711bc0f2e2d72cfd36c DependenciesID=8cd8feeeb261d459bcf82806af798d0c StaticDependenciesID=e3bd632f061e18819a1b0d1af24fe8c0 
Importing 'GUID: 18dc0cd2c080841dea60987a38ce93fa - Path: Assets/Settings/UniversalRenderPipelineGlobalSettings.asset' with importer (NativeFormatImporter)
Imported 'GUID: 18dc0cd2c080841dea60987a38ce93fa' -> (Import Result ID: 'e5a5b36ed996efc6eaa236de3696a66f') in 0.003 seconds [static dependencies only]. Details - ImportResultOutputID=ac92a3253360087966dd104547753906 DependenciesID=81b749b164c341fb834b1db38265cf2d StaticDependenciesID=df6528ad0ae52f4c17bb76448a242916 
Refreshing native plugins compatible for Editor in 5.03 ms, found 4 plugins.
Asset Pipeline Refresh (id=81ddd9c629bc3944ba5a1aaf30392cab): Total: 0.124 seconds - Initiated by StopAssetImportingV2(NoUpdateAssetOptions)
Diagnostics Data is enabled, and it requires Debug Symbols to be either SymbolTable or Full to resolve stacktraces in crash reports. Consider selecting Full to receive fully-detailed crash reports.
UnityEngine.Debug:ExtractStackTraceNoAlloc (byte*,int,string)
UnityEngine.StackTraceUtility:ExtractStackTrace ()
UnityEngine.DebugLogHandler:Internal_Log (UnityEngine.LogType,UnityEngine.LogOption,string,UnityEngine.Object)
UnityEngine.DebugLogHandler:LogFormat (UnityEngine.LogType,UnityEngine.Object,string,object[])
UnityEngine.Logger:Log (UnityEngine.LogType,object)
UnityEngine.Debug:LogWarning (object)
UnityEditor.Android.PostProcessAndroidPlayer:SetupContextForPreBuild (UnityEditor.BuildOptions,UnityEditor.BuildTarget) (at /home/bokken/build/output/unity/unity/PlatformDependent/AndroidPlayer/Editor/Managed/PostProcessAndroidPlayer.cs:151)
UnityEditor.Android.PostProcessAndroidPlayer:PrepareForBuild (UnityEditor.BuildOptions,UnityEditor.BuildTarget) (at /home/bokken/build/output/unity/unity/PlatformDependent/AndroidPlayer/Editor/Managed/PostProcessAndroidPlayer.cs:49)
UnityEditor.Android.AndroidBuildPostprocessor:PrepareForBuild (UnityEditor.BuildPlayerOptions) (at /home/bokken/build/output/unity/unity/PlatformDependent/AndroidPlayer/Editor/Managed/AndroidBuildPostprocessor.cs:1130)
UnityEditor.PostprocessBuildPlayer:PrepareForBuild (intptr)
UnityEditor.BuildPipeline:BuildPlayerInternal (string[],string,string,UnityEditor.BuildTargetGroup,UnityEditor.BuildTarget,int,UnityEditor.BuildOptions,string[],string[],bool)
UnityEditor.BuildPipeline:BuildPlayer (UnityEditor.BuildPlayerOptions)
AdventureGame.Editor.PulseAndroidExport:BuildArenaApkAt (string) (at Assets/_AdventureGame/Editor/PulseAndroidExport.cs:81)
AdventureGame.Editor.PulseAndroidExport:BuildArenaApk () (at Assets/_AdventureGame/Editor/PulseAndroidExport.cs:54)

(Filename: /home/bokken/build/output/unity/unity/PlatformDependent/AndroidPlayer/Editor/Managed/PostProcessAndroidPlayer.cs Line: 151)

DisplayProgressbar: Checking prerequisites
Reporting tool paths:
 JDK: 'C:\Program Files\Unity\Hub\Editor\6000.6.0f1\Editor\Data\PlaybackEngines\AndroidPlayer\OpenJDK'
 Android SDK: 'C:\Users\amitk\AppData\Local\Android\Sdk'
 Android NDK: 'C:\Program Files\Unity\Hub\Editor\6000.6.0f1\Editor\Data\PlaybackEngines\AndroidPlayer\NDK'
 Gradle: 'C:\Program Files\Unity\Hub\Editor\6000.6.0f1\Editor\Data\PlaybackEngines\AndroidPlayer\Tools\gradle' (Gradle Version: '9.1.0' Android Plugin Version: '9.0.0')
UnityException: Missing CMake 3.22.1
The build requires CMake 3.22.1 to be present.
(Directory "C:\Users\amitk\AppData\Local\Android\Sdk\cmake\3.22.1" is missing)
You can install CMake manually:
* Open terminal (might require administrative privileges depending on where Android SDK is installed)
* Navigate to "C:\Users\amitk\AppData\Local\Android\Sdk\cmdline-tools\latest\bin"
* Execute sdkmanager.bat --install "cmake;3.22.1"
UnityEngine.StackTraceUtility:ExtractStringFromExceptionInternal(Object, String&, String&)
UnityEditor.BuildPipeline:BuildPlayerInternal_Injected(String[], ManagedSpanWrapper&, ManagedSpanWrapper&, BuildTargetGroup, BuildTarget, Int32, BuildOptions, String[], String[], Boolean)
UnityEditor.BuildPipeline:BuildPlayerInternal(String[], String, String, BuildTargetGroup, BuildTarget, Int32, BuildOptions, String[], String[], Boolean)
UnityEditor.BuildPipeline:BuildPlayer(BuildPlayerOptions)
AdventureGame.Editor.PulseAndroidExport:BuildArenaApkAt(String) (at Assets\_AdventureGame\Editor\PulseAndroidExport.cs:81)
AdventureGame.Editor.PulseAndroidExport:BuildArenaApk() (at Assets\_AdventureGame\Editor\PulseAndroidExport.cs:54)

(Filename: Assets/_AdventureGame/Editor/PulseAndroidExport.cs Line: 81)

Unloading 0 Unused Serialized files (Serialized files now loaded: 0)
Unloading 30 unused Assets / (109.6 KB). Loaded Objects now: 7638.
Memory consumption went from 425.4 MB to 425.3 MB.
Total: 20.238700 ms (FindLiveObjects: 1.511500 ms CreateObjectMapping: 0.634400 ms MarkObjects: 17.445500 ms  DeleteObjects: 0.093100 ms)

Build Finished, Result: Failure.
Unloading 0 Unused Serialized files (Serialized files now loaded: 0)
Loaded scene 'Temp/__Backupscenes/0.backup'
	Deserialize:            1.442 ms
	Integration:            23.481 ms
	Integration of assets:  0.003 ms
	Thread Wait Time:       0.020 ms
	Total Operation Time:   24.946 ms
Unloading 0 unused Assets / (77 B). Loaded Objects now: 7638.
Memory consumption went from 407.7 MB to 407.7 MB.
Total: 20.843900 ms (FindLiveObjects: 1.073600 ms CreateObjectMapping: 0.387400 ms MarkObjects: 18.801700 ms  DeleteObjects: 0.049700 ms)

##utp:{"success":false,"type":"PlayerBuildInfo","version":2,"phase":"Immediate","time":1789270337353,"processId":29884,"steps":[{"description":"Call PrepareForBuild callbacks","duration":11},{"description":"Call internal build started callbacks","duration":2},{"description":"Preprocess Player","duration":824},{"description":"Save scenes before build","duration":2},{"description":"Prepare For Build","duration":158},{"description":"Call Post-Process callbacks","duration":1}],"duration":998}
InvalidOperationException: Arena APK build failed: Failed (1 errors)
  at AdventureGame.Editor.PulseAndroidExport.BuildArenaApkAt (System.String apkPath) [0x0012b] in C:\Users\amitk\My project (1)\Assets\_AdventureGame\Editor\PulseAndroidExport.cs:86 
  at AdventureGame.Editor.PulseAndroidExport.BuildArenaApk () [0x0001e] in C:\Users\amitk\My project (1)\Assets\_AdventureGame\Editor\PulseAndroidExport.cs:54 
UnityEngine.StackTraceUtility:ExtractStringFromExceptionInternal(Object, String&, String&)

(Filename: Assets/_AdventureGame/Editor/PulseAndroidExport.cs Line: 86)

executeMethod method AdventureGame.Editor.PulseAndroidExport.BuildArenaApk threw exception.
[ExitDontLaunchBugReporter] Exiting without the bug reporter. Application will exit with return code 1
MonoPathRemapper: Attempts to remap: 12001; Successful remaps: 2
Serialized file version minimum: 23, current 23
Killing ADB server in 2.0574614 seconds.
[Physics::Module] Cleanup current backend.
[Physics::Module] Id: 0xf2b8ea05
Input System module state changed to: ShutdownInProgress.
Input Polling Thread exited.
Input System module state changed to: Shutdown.
[Licensing::IpcConnector] LicenseClient-amitk-notifications channel disconnected successfully.
[Licensing::IpcConnector] LicenseClient-amitk channel disconnected successfully.
Lingering sessions upon destruction of worker manager
Unity Data Store service was successfully shut down
UDS shutting down local client system
AcceleratorClientConnectionCallback - disconnected - :0
Cleanup mono
CodeReloadManager destroyed
Checking for leaked weakptr:
  Found no leaked weakptrs.
[Package Manager] Server process was shutdown
##utp:{"type":"MemoryLeaks","version":2,"phase":"Immediate","time":1789270343648,"processId":29884,"allocatedMemory":16038301,"memoryLabels":[{"Default":191455},{"Permanent":15516},{"NewDelete":81007},{"Thread":4198768},{"Manager":33221},{"VertexData":8},{"Geometry":816},{"Texture":24},{"Shader":850244},{"Material":24},{"GfxDevice":88288},{"Animation":952},{"Audio":1272},{"FreeType":8},{"FontEngine":736},{"Physics":1970},{"Physics2D":16},{"Serialization":16640},{"Input":42840},{"JobScheduler":256},{"TextLib":336},{"Mono":48},{"MonoCode":64},{"ScriptingNativeRuntime":1274784},{"BaseObject":49232},{"Resource":1208},{"Renderer":2408},{"Transform":4685},{"File":4416},{"WebCam":616},{"Culling":32},{"Terrain":11442},{"Wind":24},{"STL":40},{"String":1158049},{"StaticString":3808},{"Utility":2674262},{"Curl":2498},{"PoolAlloc":2264},{"AI":80},{"TypeTree":20997},{"ScriptManager":12640},{"CodeReload":448},{"RuntimeInitializeOnLoadManager":64},{"Sprites":102},{"SpriteAtlas":120},{"GI":7816},{"Director":8296},{"CloudService":7296},{"WebRequest":14196},{"VR":49650},{"SceneManager":608},{"Video":64},{"LazyScriptCache":32},{"Camera":729},{"Secure":2377},{"SerializationCache":9256},{"APIUpdating":10320},{"Subsystems":336},{"VirtualTexturing":57888},{"StaticSafetyDebugInfo":278528},{"Analytics":768},{"Hierarchy":1188},{"UIElements":40},{"CoreStats":14456},{"Identifiers":7152},{"Gui":128},{"EditorUtility":110468},{"VersionControl":8},{"Undo":931},{"AssetDatabase":4637242},{"AssetImporter":40},{"EditorGi":328},{"UnityConnect":40441},{"Upm":1912},{"UpmDiagnostics":8},{"AssetCompliance":96},{"DrivenProperties":72},{"LocalIPC":260},{"ProfilerEditor":9746},{"CoreBusinessMetrics":3620},{"Windowing":456},{"Licensing":12757},{"AssetReference":32},{"IPCStream":32}]}
